// Jest Snapshot v1, https://goo.gl/fbAQLP

exports[`list reducer test  handles FETCH_READY action 1`] = `true`;

exports[`list reducer test  handles RECIVE_ITEMS action 1`] = `
Object {
  "albums": Array [],
  "tracks": Array [],
}
`;

exports[`list reducer test  returns the same state on an unhandled action 1`] = `null`;

exports[`list reducer test  returns the same state on an unhandled action 2`] = `null`;
