// Jest Snapshot v1, https://goo.gl/fbAQLP

exports[`renders test  render Item component 1`] = `
<View
  accessibilityComponentType={undefined}
  accessibilityLabel={undefined}
  accessibilityTraits={undefined}
  accessible={true}
  hasTVPreferredFocus={undefined}
  hitSlop={undefined}
  isTVSelectable={true}
  onLayout={undefined}
  onResponderGrant={[Function]}
  onResponderMove={[Function]}
  onResponderRelease={[Function]}
  onResponderTerminate={[Function]}
  onResponderTerminationRequest={[Function]}
  onStartShouldSetResponder={[Function]}
  style={
    Array [
      Object {
        "backgroundColor": "transparent",
      },
      undefined,
    ]
  }
  testID={undefined}
  tvParallaxProperties={undefined}
>
  <View
    onPress={[Function]}
    style={
      Object {
        "alignItems": "center",
        "backgroundColor": undefined,
        "borderBottomWidth": 0.5,
        "borderColor": "#c9c9c9",
        "flexDirection": "row",
        "marginLeft": 15,
        "paddingBottom": 13,
        "paddingRight": 15,
        "paddingTop": 13,
      }
    }
    virtual={undefined}
  >
    <View
      style={
        Object {
          "alignItems": "flex-start",
          "alignSelf": "center",
          "flex": 1,
          "flexDirection": "row",
        }
      }
      virtual={undefined}
    >
      <Text
        accessible={true}
        allowFontScaling={true}
        ellipsizeMode="tail"
        style={
          Object {
            "alignSelf": "center",
            "color": "#000",
            "fontFamily": "System",
            "fontSize": 16,
            "marginLeft": 10,
          }
        }
        virtual={undefined}
      >
        Joe Tex, These Taming Blues
      </Text>
    </View>
    <View
      style={
        Object {
          "alignItems": "flex-end",
          "alignSelf": "center",
          "flex": 0.28,
          "paddingBottom": null,
          "paddingLeft": null,
          "paddingRight": null,
          "paddingTop": null,
        }
      }
      virtual={undefined}
    >
      <Text
        accessible={true}
        allowFontScaling={true}
        ellipsizeMode="tail"
        style={
          Object {
            "alignSelf": null,
            "color": "#000",
            "fontFamily": "System",
            "fontSize": 16,
          }
        }
        virtual={undefined}
      >
        5:30
      </Text>
    </View>
  </View>
</View>
`;
