// Jest Snapshot v1, https://goo.gl/fbAQLP

exports[`renders test  render PlaceHolder component 1`] = `
<View
  style={
    Array [
      Object {
        "alignItems": "center",
        "flexBasis": 0,
        "flexGrow": 1,
        "flexShrink": 1,
        "height": 533.6,
        "justifyContent": "center",
      },
      undefined,
    ]
  }
>
  <Text
    accessible={true}
    allowFontScaling={true}
    ellipsizeMode="tail"
    style={
      Array [
        Object {
          "fontSize": 50,
        },
        undefined,
      ]
    }
  >
    🎧
  </Text>
  <Text
    accessible={true}
    allowFontScaling={true}
    ellipsizeMode="tail"
  >
    Busca tu canción favorita
  </Text>
</View>
`;
